I'm sorry, but errors were detected in your script. Please correct the
errors listed below, and try again.


File "game/script.rpy", line 344: indentation mismatch.

Ren'Py Version: Ren'Py 7.2.2.491
Mon Apr 06 18:50:48 2020
